C:\Program Files\dotnet\sdk\10.0.202\Microsoft.Common.CurrentVersion.targets(4917,5): warning MSB3026: Could not copy "obj\Debug\net9.0\Assessment.dll" to "bin\Debug\net9.0\Assessment.dll". Beginning retry 1 in 1000ms. The process cannot access the file 'C:\Users\reena\Downloads\frontend surveyiq (4)\Assessment\SurveyIQ\bin\Debug\net9.0\Assessment.dll' because it is being used by another process. The file is locked by: "Assessment (52168)" [C:\Users\reena\Downloads\frontend surveyiq (4)\Assessment\SurveyIQ\Assessment.csproj]
C:\Program Files\dotnet\sdk\10.0.202\Microsoft.Common.CurrentVersion.targets(4917,5): warning MSB3026: Could not copy "obj\Debug\net9.0\Assessment.dll" to "bin\Debug\net9.0\Assessment.dll". Beginning retry 2 in 1000ms. The process cannot access the file 'C:\Users\reena\Downloads\frontend surveyiq (4)\Assessment\SurveyIQ\bin\Debug\net9.0\Assessment.dll' because it is being used by another process. The file is locked by: "Assessment (52168)" [C:\Users\reena\Downloads\frontend surveyiq (4)\Assessment\SurveyIQ\Assessment.csproj]
C:\Program Files\dotnet\sdk\10.0.202\Microsoft.Common.CurrentVersion.targets(4917,5): warning MSB3026: Could not copy "obj\Debug\net9.0\Assessment.dll" to "bin\Debug\net9.0\Assessment.dll". Beginning retry 3 in 1000ms. The process cannot access the file 'C:\Users\reena\Downloads\frontend surveyiq (4)\Assessment\SurveyIQ\bin\Debug\net9.0\Assessment.dll' because it is being used by another process. The file is locked by: "Assessment (52168)" [C:\Users\reena\Downloads\frontend surveyiq (4)\Assessment\SurveyIQ\Assessment.csproj]
C:\Program Files\dotnet\sdk\10.0.202\Microsoft.Common.CurrentVersion.targets(4917,5): warning MSB3026: Could not copy "obj\Debug\net9.0\Assessment.dll" to "bin\Debug\net9.0\Assessment.dll". Beginning retry 4 in 1000ms. The process cannot access the file 'C:\Users\reena\Downloads\frontend surveyiq (4)\Assessment\SurveyIQ\bin\Debug\net9.0\Assessment.dll' because it is being used by another process. The file is locked by: "Assessment (52168)" [C:\Users\reena\Downloads\frontend surveyiq (4)\Assessment\SurveyIQ\Assessment.csproj]
C:\Program Files\dotnet\sdk\10.0.202\Microsoft.Common.CurrentVersion.targets(4917,5): warning MSB3026: Could not copy "obj\Debug\net9.0\Assessment.dll" to "bin\Debug\net9.0\Assessment.dll". Beginning retry 5 in 1000ms. The process cannot access the file 'C:\Users\reena\Downloads\frontend surveyiq (4)\Assessment\SurveyIQ\bin\Debug\net9.0\Assessment.dll' because it is being used by another process. The file is locked by: "Assessment (52168)" [C:\Users\reena\Downloads\frontend surveyiq (4)\Assessment\SurveyIQ\Assessment.csproj]
C:\Program Files\dotnet\sdk\10.0.202\Microsoft.Common.CurrentVersion.targets(4917,5): warning MSB3026: Could not copy "obj\Debug\net9.0\Assessment.dll" to "bin\Debug\net9.0\Assessment.dll". Beginning retry 6 in 1000ms. The process cannot access the file 'C:\Users\reena\Downloads\frontend surveyiq (4)\Assessment\SurveyIQ\bin\Debug\net9.0\Assessment.dll' because it is being used by another process. The file is locked by: "Assessment (52168)" [C:\Users\reena\Downloads\frontend surveyiq (4)\Assessment\SurveyIQ\Assessment.csproj]
C:\Program Files\dotnet\sdk\10.0.202\Microsoft.Common.CurrentVersion.targets(4917,5): warning MSB3026: Could not copy "obj\Debug\net9.0\Assessment.dll" to "bin\Debug\net9.0\Assessment.dll". Beginning retry 7 in 1000ms. The process cannot access the file 'C:\Users\reena\Downloads\frontend surveyiq (4)\Assessment\SurveyIQ\bin\Debug\net9.0\Assessment.dll' because it is being used by another process. The file is locked by: "Assessment (52168)" [C:\Users\reena\Downloads\frontend surveyiq (4)\Assessment\SurveyIQ\Assessment.csproj]
C:\Program Files\dotnet\sdk\10.0.202\Microsoft.Common.CurrentVersion.targets(4917,5): warning MSB3026: Could not copy "obj\Debug\net9.0\Assessment.dll" to "bin\Debug\net9.0\Assessment.dll". Beginning retry 8 in 1000ms. The process cannot access the file 'C:\Users\reena\Downloads\frontend surveyiq (4)\Assessment\SurveyIQ\bin\Debug\net9.0\Assessment.dll' because it is being used by another process. The file is locked by: "Assessment (52168)" [C:\Users\reena\Downloads\frontend surveyiq (4)\Assessment\SurveyIQ\Assessment.csproj]
C:\Program Files\dotnet\sdk\10.0.202\Microsoft.Common.CurrentVersion.targets(4917,5): warning MSB3026: Could not copy "obj\Debug\net9.0\Assessment.dll" to "bin\Debug\net9.0\Assessment.dll". Beginning retry 9 in 1000ms. The process cannot access the file 'C:\Users\reena\Downloads\frontend surveyiq (4)\Assessment\SurveyIQ\bin\Debug\net9.0\Assessment.dll' because it is being used by another process. The file is locked by: "Assessment (52168)" [C:\Users\reena\Downloads\frontend surveyiq (4)\Assessment\SurveyIQ\Assessment.csproj]
C:\Program Files\dotnet\sdk\10.0.202\Microsoft.Common.CurrentVersion.targets(4917,5): warning MSB3026: Could not copy "obj\Debug\net9.0\Assessment.dll" to "bin\Debug\net9.0\Assessment.dll". Beginning retry 10 in 1000ms. The process cannot access the file 'C:\Users\reena\Downloads\frontend surveyiq (4)\Assessment\SurveyIQ\bin\Debug\net9.0\Assessment.dll' because it is being used by another process. The file is locked by: "Assessment (52168)" [C:\Users\reena\Downloads\frontend surveyiq (4)\Assessment\SurveyIQ\Assessment.csproj]
C:\Program Files\dotnet\sdk\10.0.202\Microsoft.Common.CurrentVersion.targets(4917,5): error MSB3027: Could not copy "obj\Debug\net9.0\Assessment.dll" to "bin\Debug\net9.0\Assessment.dll". Exceeded retry count of 10. Failed. The file is locked by: "Assessment (52168)" [C:\Users\reena\Downloads\frontend surveyiq (4)\Assessment\SurveyIQ\Assessment.csproj]
C:\Program Files\dotnet\sdk\10.0.202\Microsoft.Common.CurrentVersion.targets(4917,5): error MSB3021: Unable to copy file "obj\Debug\net9.0\Assessment.dll" to "bin\Debug\net9.0\Assessment.dll". The process cannot access the file 'C:\Users\reena\Downloads\frontend surveyiq (4)\Assessment\SurveyIQ\bin\Debug\net9.0\Assessment.dll' because it is being used by another process. [C:\Users\reena\Downloads\frontend surveyiq (4)\Assessment\SurveyIQ\Assessment.csproj]

Build FAILED.

C:\Program Files\dotnet\sdk\10.0.202\Microsoft.Common.CurrentVersion.targets(4917,5): warning MSB3026: Could not copy "obj\Debug\net9.0\Assessment.dll" to "bin\Debug\net9.0\Assessment.dll". Beginning retry 1 in 1000ms. The process cannot access the file 'C:\Users\reena\Downloads\frontend surveyiq (4)\Assessment\SurveyIQ\bin\Debug\net9.0\Assessment.dll' because it is being used by another process. The file is locked by: "Assessment (52168)" [C:\Users\reena\Downloads\frontend surveyiq (4)\Assessment\SurveyIQ\Assessment.csproj]
C:\Program Files\dotnet\sdk\10.0.202\Microsoft.Common.CurrentVersion.targets(4917,5): warning MSB3026: Could not copy "obj\Debug\net9.0\Assessment.dll" to "bin\Debug\net9.0\Assessment.dll". Beginning retry 2 in 1000ms. The process cannot access the file 'C:\Users\reena\Downloads\frontend surveyiq (4)\Assessment\SurveyIQ\bin\Debug\net9.0\Assessment.dll' because it is being used by another process. The file is locked by: "Assessment (52168)" [C:\Users\reena\Downloads\frontend surveyiq (4)\Assessment\SurveyIQ\Assessment.csproj]
C:\Program Files\dotnet\sdk\10.0.202\Microsoft.Common.CurrentVersion.targets(4917,5): warning MSB3026: Could not copy "obj\Debug\net9.0\Assessment.dll" to "bin\Debug\net9.0\Assessment.dll". Beginning retry 3 in 1000ms. The process cannot access the file 'C:\Users\reena\Downloads\frontend surveyiq (4)\Assessment\SurveyIQ\bin\Debug\net9.0\Assessment.dll' because it is being used by another process. The file is locked by: "Assessment (52168)" [C:\Users\reena\Downloads\frontend surveyiq (4)\Assessment\SurveyIQ\Assessment.csproj]
C:\Program Files\dotnet\sdk\10.0.202\Microsoft.Common.CurrentVersion.targets(4917,5): warning MSB3026: Could not copy "obj\Debug\net9.0\Assessment.dll" to "bin\Debug\net9.0\Assessment.dll". Beginning retry 4 in 1000ms. The process cannot access the file 'C:\Users\reena\Downloads\frontend surveyiq (4)\Assessment\SurveyIQ\bin\Debug\net9.0\Assessment.dll' because it is being used by another process. The file is locked by: "Assessment (52168)" [C:\Users\reena\Downloads\frontend surveyiq (4)\Assessment\SurveyIQ\Assessment.csproj]
C:\Program Files\dotnet\sdk\10.0.202\Microsoft.Common.CurrentVersion.targets(4917,5): warning MSB3026: Could not copy "obj\Debug\net9.0\Assessment.dll" to "bin\Debug\net9.0\Assessment.dll". Beginning retry 5 in 1000ms. The process cannot access the file 'C:\Users\reena\Downloads\frontend surveyiq (4)\Assessment\SurveyIQ\bin\Debug\net9.0\Assessment.dll' because it is being used by another process. The file is locked by: "Assessment (52168)" [C:\Users\reena\Downloads\frontend surveyiq (4)\Assessment\SurveyIQ\Assessment.csproj]
C:\Program Files\dotnet\sdk\10.0.202\Microsoft.Common.CurrentVersion.targets(4917,5): warning MSB3026: Could not copy "obj\Debug\net9.0\Assessment.dll" to "bin\Debug\net9.0\Assessment.dll". Beginning retry 6 in 1000ms. The process cannot access the file 'C:\Users\reena\Downloads\frontend surveyiq (4)\Assessment\SurveyIQ\bin\Debug\net9.0\Assessment.dll' because it is being used by another process. The file is locked by: "Assessment (52168)" [C:\Users\reena\Downloads\frontend surveyiq (4)\Assessment\SurveyIQ\Assessment.csproj]
C:\Program Files\dotnet\sdk\10.0.202\Microsoft.Common.CurrentVersion.targets(4917,5): warning MSB3026: Could not copy "obj\Debug\net9.0\Assessment.dll" to "bin\Debug\net9.0\Assessment.dll". Beginning retry 7 in 1000ms. The process cannot access the file 'C:\Users\reena\Downloads\frontend surveyiq (4)\Assessment\SurveyIQ\bin\Debug\net9.0\Assessment.dll' because it is being used by another process. The file is locked by: "Assessment (52168)" [C:\Users\reena\Downloads\frontend surveyiq (4)\Assessment\SurveyIQ\Assessment.csproj]
C:\Program Files\dotnet\sdk\10.0.202\Microsoft.Common.CurrentVersion.targets(4917,5): warning MSB3026: Could not copy "obj\Debug\net9.0\Assessment.dll" to "bin\Debug\net9.0\Assessment.dll". Beginning retry 8 in 1000ms. The process cannot access the file 'C:\Users\reena\Downloads\frontend surveyiq (4)\Assessment\SurveyIQ\bin\Debug\net9.0\Assessment.dll' because it is being used by another process. The file is locked by: "Assessment (52168)" [C:\Users\reena\Downloads\frontend surveyiq (4)\Assessment\SurveyIQ\Assessment.csproj]
C:\Program Files\dotnet\sdk\10.0.202\Microsoft.Common.CurrentVersion.targets(4917,5): warning MSB3026: Could not copy "obj\Debug\net9.0\Assessment.dll" to "bin\Debug\net9.0\Assessment.dll". Beginning retry 9 in 1000ms. The process cannot access the file 'C:\Users\reena\Downloads\frontend surveyiq (4)\Assessment\SurveyIQ\bin\Debug\net9.0\Assessment.dll' because it is being used by another process. The file is locked by: "Assessment (52168)" [C:\Users\reena\Downloads\frontend surveyiq (4)\Assessment\SurveyIQ\Assessment.csproj]
C:\Program Files\dotnet\sdk\10.0.202\Microsoft.Common.CurrentVersion.targets(4917,5): warning MSB3026: Could not copy "obj\Debug\net9.0\Assessment.dll" to "bin\Debug\net9.0\Assessment.dll". Beginning retry 10 in 1000ms. The process cannot access the file 'C:\Users\reena\Downloads\frontend surveyiq (4)\Assessment\SurveyIQ\bin\Debug\net9.0\Assessment.dll' because it is being used by another process. The file is locked by: "Assessment (52168)" [C:\Users\reena\Downloads\frontend surveyiq (4)\Assessment\SurveyIQ\Assessment.csproj]
C:\Program Files\dotnet\sdk\10.0.202\Microsoft.Common.CurrentVersion.targets(4917,5): error MSB3027: Could not copy "obj\Debug\net9.0\Assessment.dll" to "bin\Debug\net9.0\Assessment.dll". Exceeded retry count of 10. Failed. The file is locked by: "Assessment (52168)" [C:\Users\reena\Downloads\frontend surveyiq (4)\Assessment\SurveyIQ\Assessment.csproj]
C:\Program Files\dotnet\sdk\10.0.202\Microsoft.Common.CurrentVersion.targets(4917,5): error MSB3021: Unable to copy file "obj\Debug\net9.0\Assessment.dll" to "bin\Debug\net9.0\Assessment.dll". The process cannot access the file 'C:\Users\reena\Downloads\frontend surveyiq (4)\Assessment\SurveyIQ\bin\Debug\net9.0\Assessment.dll' because it is being used by another process. [C:\Users\reena\Downloads\frontend surveyiq (4)\Assessment\SurveyIQ\Assessment.csproj]
    10 Warning(s)
    2 Error(s)

Time Elapsed 00:00:13.37
